../Core/Src/main.c:57:1:__io_putchar	16	static
../Core/Src/main.c:80:6:printf_usart	8	static
../Core/Src/main.c:97:5:main	16	static
../Core/Src/main.c:183:6:SystemClock_Config	104	static
../Core/Src/main.c:228:13:MX_TIM3_Init	40	static
../Core/Src/main.c:273:13:MX_USART2_UART_Init	8	static
../Core/Src/main.c:321:13:MX_GPIO_Init	56	static
../Core/Src/main.c:418:6:HAL_UART_RxCpltCallback	16	static
../Core/Src/main.c:435:6:HAL_TIM_PeriodElapsedCallback	16	static
../Core/Src/main.c:450:6:Error_Handler	4	static,ignoring_inline_asm
